Archive member included because of file (symbol)

C:/Program Files/GNU Tools ARM Embedded/4.8 2014q1/lib/gcc/arm-none-eabi/4.8.3/armv6-m\libgcc.a(_udivsi3.o)
                              _build/pstorage.o (__aeabi_uidiv)
C:/Program Files/GNU Tools ARM Embedded/4.8 2014q1/lib/gcc/arm-none-eabi/4.8.3/armv6-m\libgcc.a(_dvmd_tls.o)
                              C:/Program Files/GNU Tools ARM Embedded/4.8 2014q1/lib/gcc/arm-none-eabi/4.8.3/armv6-m\libgcc.a(_udivsi3.o) (__aeabi_idiv0)
C:/Program Files/GNU Tools ARM Embedded/4.8 2014q1/arm-none-eabi/lib/armv6-m\libc.a(lib_a-exit.o)
                              c:/program files/gnu tools arm embedded/4.8 2014q1/bin/../lib/gcc/arm-none-eabi/4.8.3/../../../../arm-none-eabi/lib/armv6-m/crt0.o (exit)
C:/Program Files/GNU Tools ARM Embedded/4.8 2014q1/arm-none-eabi/lib/armv6-m\libc.a(lib_a-impure.o)
                              C:/Program Files/GNU Tools ARM Embedded/4.8 2014q1/arm-none-eabi/lib/armv6-m\libc.a(lib_a-exit.o) (_global_impure_ptr)
C:/Program Files/GNU Tools ARM Embedded/4.8 2014q1/arm-none-eabi/lib/armv6-m\libc.a(lib_a-init.o)
                              c:/program files/gnu tools arm embedded/4.8 2014q1/bin/../lib/gcc/arm-none-eabi/4.8.3/../../../../arm-none-eabi/lib/armv6-m/crt0.o (__libc_init_array)
C:/Program Files/GNU Tools ARM Embedded/4.8 2014q1/arm-none-eabi/lib/armv6-m\libc.a(lib_a-memcmp.o)
                              _build/ble_bondmngr.o (memcmp)
C:/Program Files/GNU Tools ARM Embedded/4.8 2014q1/arm-none-eabi/lib/armv6-m\libc.a(lib_a-memcpy-stub.o)
                              _build/main.o (memcpy)
C:/Program Files/GNU Tools ARM Embedded/4.8 2014q1/arm-none-eabi/lib/armv6-m\libc.a(lib_a-memmove.o)
                              _build/ble_hrs.o (memmove)
C:/Program Files/GNU Tools ARM Embedded/4.8 2014q1/arm-none-eabi/lib/armv6-m\libc.a(lib_a-memset.o)
                              c:/program files/gnu tools arm embedded/4.8 2014q1/bin/../lib/gcc/arm-none-eabi/4.8.3/../../../../arm-none-eabi/lib/armv6-m/crt0.o (memset)
C:/Program Files/GNU Tools ARM Embedded/4.8 2014q1/arm-none-eabi/lib/armv6-m\libc.a(lib_a-strlen.o)
                              _build/ble_srv_common.o (strlen)
C:/Program Files/GNU Tools ARM Embedded/4.8 2014q1/arm-none-eabi/lib/armv6-m\libc.a(lib_a-strncpy.o)
                              _build/ble_error_log.o (strncpy)
C:/Program Files/GNU Tools ARM Embedded/4.8 2014q1/arm-none-eabi/lib/armv6-m\libc.a(lib_a-__call_atexit.o)
                              C:/Program Files/GNU Tools ARM Embedded/4.8 2014q1/arm-none-eabi/lib/armv6-m\libc.a(lib_a-exit.o) (__call_exitprocs)
C:/Program Files/GNU Tools ARM Embedded/4.8 2014q1/arm-none-eabi/lib/armv6-m\libc.a(lib_a-atexit.o)
                              C:/Program Files/GNU Tools ARM Embedded/4.8 2014q1/arm-none-eabi/lib/armv6-m\libc.a(lib_a-__call_atexit.o) (atexit)
C:/Program Files/GNU Tools ARM Embedded/4.8 2014q1/arm-none-eabi/lib/armv6-m\libc.a(lib_a-fini.o)
                              C:/Program Files/GNU Tools ARM Embedded/4.8 2014q1/arm-none-eabi/lib/armv6-m\libc.a(lib_a-__call_atexit.o) (__libc_fini_array)
C:/Program Files/GNU Tools ARM Embedded/4.8 2014q1/arm-none-eabi/lib/armv6-m\libc.a(lib_a-__atexit.o)
                              C:/Program Files/GNU Tools ARM Embedded/4.8 2014q1/arm-none-eabi/lib/armv6-m\libc.a(lib_a-atexit.o) (__register_exitproc)
C:/Program Files/GNU Tools ARM Embedded/4.8 2014q1/arm-none-eabi/lib/armv6-m\libnosys.a(_exit.o)
                              C:/Program Files/GNU Tools ARM Embedded/4.8 2014q1/arm-none-eabi/lib/armv6-m\libc.a(lib_a-exit.o) (_exit)

Discarded input sections

 .group         0x00000000        0x8 _build/main.o
 .group         0x00000000        0x8 _build/main.o
 .group         0x00000000        0x8 _build/main.o
 .group         0x00000000        0x8 _build/main.o
 .group         0x00000000        0x8 _build/main.o
 .group         0x00000000        0x8 _build/main.o
 .group         0x00000000        0x8 _build/main.o
 .group         0x00000000        0x8 _build/main.o
 .group         0x00000000        0x8 _build/main.o
 .group         0x00000000        0x8 _build/main.o
 .group         0x00000000        0x8 _build/main.o
 .group         0x00000000        0x8 _build/main.o
 .group         0x00000000        0x8 _build/main.o
 .group         0x00000000        0x8 _build/main.o
 .group         0x00000000        0x8 _build/main.o
 .group         0x00000000        0x8 _build/main.o
 .group         0x00000000        0x8 _build/main.o
 .group         0x00000000        0x8 _build/main.o
 .group         0x00000000        0x8 _build/main.o
 .group         0x00000000        0x8 _build/main.o
 .group         0x00000000        0x8 _build/main.o
 .group         0x00000000        0x8 _build/main.o
 .group         0x00000000        0x8 _build/main.o
 .group         0x00000000        0x8 _build/main.o
 .group         0x00000000        0x8 _build/main.o
 .group         0x00000000        0x8 _build/main.o
[...]
Memory Configuration

Name             Origin             Length             Attributes
FLASH            0x00014000         0x0002c000         xr
RAM              0x20002000         0x00002000         xrw
*default*        0x00000000         0xffffffff

Linker script and memory map

LOAD c:/program files/gnu tools arm embedded/4.8 2014q1/bin/../lib/gcc/arm-none-eabi/4.8.3/armv6-m/crti.o
LOAD c:/program files/gnu tools arm embedded/4.8 2014q1/bin/../lib/gcc/arm-none-eabi/4.8.3/armv6-m/crtbegin.o
LOAD c:/program files/gnu tools arm embedded/4.8 2014q1/bin/../lib/gcc/arm-none-eabi/4.8.3/../../../../arm-none-eabi/lib/armv6-m/crt0.o
LOAD _build/main.o
LOAD _build/ble_bas.o
LOAD _build/ble_dis.o
LOAD _build/ble_hrs.o
LOAD _build/ble_srv_common.o
LOAD _build/ble_error_log.o
LOAD _build/ble_advdata.o
LOAD _build/ble_sensorsim.o
LOAD _build/softdevice_handler.o
LOAD _build/ble_conn_params.o
LOAD _build/ble_bondmngr.o
LOAD _build/pstorage.o
LOAD _build/crc16.o
LOAD _build/ble_radio_notification.o
LOAD _build/ble_debug_assert_handler.o
LOAD _build/app_timer.o
LOAD _build/system_nrf51.o
LOAD _build/gcc_startup_nrf51.o
START GROUP
LOAD C:/Program Files/GNU Tools ARM Embedded/4.8 2014q1/lib/gcc/arm-none-eabi/4.8.3/armv6-m\libgcc.a
LOAD C:/Program Files/GNU Tools ARM Embedded/4.8 2014q1/arm-none-eabi/lib/armv6-m\libc.a
END GROUP
LOAD c:/program files/gnu tools arm embedded/4.8 2014q1/bin/../lib/gcc/arm-none-eabi/4.8.3/armv6-m/crtend.o
LOAD c:/program files/gnu tools arm embedded/4.8 2014q1/bin/../lib/gcc/arm-none-eabi/4.8.3/armv6-m/crtn.o
START GROUP
LOAD C:/Program Files/GNU Tools ARM Embedded/4.8 2014q1/lib/gcc/arm-none-eabi/4.8.3/armv6-m\libgcc.a
LOAD C:/Program Files/GNU Tools ARM Embedded/4.8 2014q1/arm-none-eabi/lib/armv6-m\libc.a
LOAD C:/Program Files/GNU Tools ARM Embedded/4.8 2014q1/arm-none-eabi/lib/armv6-m\libnosys.a
END GROUP

.text           0x00014000     0x94cc
 *(.Vectors)
 .Vectors       0x00014000       0xc0 _build/gcc_startup_nrf51.o
                0x00014000                __Vectors
 *(.text*)
 .text          0x000140c0        0x0 c:/program files/gnu tools arm embedded/4.8 2014q1/bin/../lib/gcc/arm-none-eabi/4.8.3/armv6-m/crti.o
 .text          0x000140c0       0x60 c:/program files/gnu tools arm embedded/4.8 2014q1/bin/../lib/gcc/arm-none-eabi/4.8.3/armv6-m/crtbegin.o
 .text          0x00014120       0x78 c:/program files/gnu tools arm embedded/4.8 2014q1/bin/../lib/gcc/arm-none-eabi/4.8.3/../../../../arm-none-eabi/lib/armv6-m/crt0.o
                0x00014120                _start
                0x00014120                _mainCRTStartup
 .text          0x00014198     0x11a0 _build/main.o
                0x000145a4                app_error_handler
                0x000145c0                assert_nrf_callback
                0x000152f8                main
 .text          0x00015338      0x6d8 _build/ble_bas.o
                0x000155c4                ble_bas_on_ble_evt
                0x000158d0                ble_bas_init
                0x00015944                ble_bas_battery_level_update
 .text          0x00015a10      0x7b0 _build/ble_dis.o
                0x00015f78                ble_dis_init
 .text          0x000161c0      0x9a8 _build/ble_hrs.o
                0x00016498                ble_hrs_on_ble_evt
                0x000168f0                ble_hrs_init
                0x0001699c                ble_hrs_heart_rate_measurement_send
                0x00016a60                ble_hrs_rr_interval_add
                0x00016ac0                ble_hrs_rr_interval_buffer_is_full
                0x00016ae0                ble_hrs_sensor_contact_supported_set
                0x00016b14                ble_hrs_sensor_contact_detected_update
                0x00016b34                ble_hrs_body_sensor_location_set
 .text          0x00016b68      0x154 _build/ble_srv_common.o
                0x00016c10                ble_srv_report_ref_encode
                0x00016c94                ble_srv_ascii_to_utf8
 .text          0x00016cbc       0xa8 _build/ble_error_log.o
                0x00016d10                ble_error_log_write
 .text          0x00016d64      0xc38 _build/ble_advdata.o
                0x000178d0                ble_advdata_set
 .text          0x0001799c       0xb8 _build/ble_sensorsim.o
                0x0001799c                ble_sensorsim_init
                0x000179d4                ble_sensorsim_measure
 .text          0x00017a54      0x5e0 _build/softdevice_handler.o
                0x00017da8                softdevice_assertion_handler
                0x00017dd0                intern_softdevice_events_execute
                0x00017ee4                softdevice_handler_init
                0x00017f70                softdevice_handler_sd_disable
                0x00017f98                softdevice_ble_evt_handler_set
                0x00017fc0                softdevice_sys_evt_handler_set
                0x00017fe8                SWI2_IRQHandler
 .text          0x00018034      0x698 _build/ble_conn_params.o
                0x0001831c                ble_conn_params_init
                0x000183c8                ble_conn_params_stop
                0x000185d8                ble_conn_params_on_ble_evt
                0x00018628                ble_conn_params_change_conn_params
 .text          0x000186cc     0x198c _build/ble_bondmngr.o
                0x00019788                ble_bondmngr_on_ble_evt
                0x0001981c                ble_bondmngr_bonded_centrals_store
                0x000199b4                ble_bondmngr_sys_attr_store
                0x00019a48                ble_bondmngr_bonded_centrals_delete
                0x00019aa0                ble_bondmngr_central_addr_get
                0x00019b20                ble_bondmngr_whitelist_get
                0x00019c04                ble_bondmngr_init
                0x00019d64                ble_bondmngr_central_ids_get
                0x00019df4                ble_bondmngr_bonded_central_delete
                0x0001a018                ble_bondmngr_is_link_encrypted
 .text          0x0001a058     0x13f8 _build/pstorage.o
                0x0001a4c8                pstorage_sys_event_handler
                0x0001ab80                pstorage_init
                0x0001aca8                pstorage_register
                0x0001ae74                pstorage_block_identifier_get
                0x0001af54                pstorage_store
                0x0001b094                pstorage_update
                0x0001b1d4                pstorage_load
                0x0001b31c                pstorage_clear
                0x0001b410                pstorage_access_status_get
 .text          0x0001b450       0xd4 _build/crc16.o
                0x0001b450                crc16_compute
 .text          0x0001b524      0x238 _build/ble_radio_notification.o
                0x0001b6a4                SWI1_IRQHandler
                0x0001b6e4                ble_radio_notification_init
 .text          0x0001b75c       0x48 _build/ble_debug_assert_handler.o
                0x0001b75c                ble_debug_assert_handler
 .text          0x0001b7a4     0x138c _build/app_timer.o
                0x0001c720                RTC1_IRQHandler
                0x0001c76c                SWI0_IRQHandler
                0x0001c778                app_timer_init
                0x0001c8e8                app_timer_create
                0x0001c9d8                app_timer_start
                0x0001ca64                app_timer_stop
                0x0001cac4                app_timer_stop_all
                0x0001caec                app_timer_cnt_get
                0x0001cb08                app_timer_cnt_diff_compute
 .text          0x0001cb30      0x128 _build/system_nrf51.o
                0x0001cb30                SystemCoreClockUpdate
                0x0001cb48                SystemInit
 .text          0x0001cc58       0x48 _build/gcc_startup_nrf51.o
                0x0001cc58                Reset_Handler
                0x0001cc94                NMI_Handler
                0x0001cc96                HardFault_Handler
                0x0001cc98                SVC_Handler
                0x0001cc9a                PendSV_Handler
                0x0001cc9c                SysTick_Handler
                0x0001cc9e                GPIOTE_IRQHandler
                0x0001cc9e                RTC0_IRQHandler
                0x0001cc9e                POWER_CLOCK_IRQHandler
                0x0001cc9e                SPI0_TWI0_IRQHandler
                0x0001cc9e                LPCOMP_IRQHandler
                0x0001cc9e                SWI4_IRQHandler
                0x0001cc9e                TEMP_IRQHandler
                0x0001cc9e                QDEC_IRQHandler
                0x0001cc9e                UART0_IRQHandler
                0x0001cc9e                SWI5_IRQHandler
                0x0001cc9e                TIMER0_IRQHandler
                0x0001cc9e                RADIO_IRQHandler
                0x0001cc9e                TIMER1_IRQHandler
                0x0001cc9e                ECB_IRQHandler
                0x0001cc9e                Default_Handler
                0x0001cc9e                ADC_IRQHandler
                0x0001cc9e                SWI3_IRQHandler
                0x0001cc9e                CCM_AAR_IRQHandler
                0x0001cc9e                WDT_IRQHandler
                0x0001cc9e                TIMER2_IRQHandler
                0x0001cc9e                RNG_IRQHandler
                0x0001cc9e                SPI1_TWI1_IRQHandler
 .text          0x0001cca0       0x9c C:/Program Files/GNU Tools ARM Embedded/4.8 2014q1/lib/gcc/arm-none-eabi/4.8.3/armv6-m\libgcc.a(_udivsi3.o)
                0x0001cca0                __aeabi_uidiv
                0x0001cca0                __udivsi3
                0x0001cd28                __aeabi_uidivmod
 .text          0x0001cd3c        0x4 C:/Program Files/GNU Tools ARM Embedded/4.8 2014q1/lib/gcc/arm-none-eabi/4.8.3/armv6-m\libgcc.a(_dvmd_tls.o)
                0x0001cd3c                __aeabi_idiv0
                0x0001cd3c                __aeabi_ldiv0
 .text          0x0001cd40        0x0 C:/Program Files/GNU Tools ARM Embedded/4.8 2014q1/arm-none-eabi/lib/armv6-m\libc.a(lib_a-exit.o)
 .text.exit     0x0001cd40       0x20 C:/Program Files/GNU Tools ARM Embedded/4.8 2014q1/arm-none-eabi/lib/armv6-m\libc.a(lib_a-exit.o)
                0x0001cd40                exit
 .text          0x0001cd60        0x0 C:/Program Files/GNU Tools ARM Embedded/4.8 2014q1/arm-none-eabi/lib/armv6-m\libc.a(lib_a-impure.o)
 .text          0x0001cd60        0x0 C:/Program Files/GNU Tools ARM Embedded/4.8 2014q1/arm-none-eabi/lib/armv6-m\libc.a(lib_a-init.o)
 .text.__libc_init_array
                0x0001cd60       0x48 C:/Program Files/GNU Tools ARM Embedded/4.8 2014q1/arm-none-eabi/lib/armv6-m\libc.a(lib_a-init.o)
                0x0001cd60                __libc_init_array
 .text          0x0001cda8        0x0 C:/Program Files/GNU Tools ARM Embedded/4.8 2014q1/arm-none-eabi/lib/armv6-m\libc.a(lib_a-memcmp.o)
 .text.memcmp   0x0001cda8       0x4c C:/Program Files/GNU Tools ARM Embedded/4.8 2014q1/arm-none-eabi/lib/armv6-m\libc.a(lib_a-memcmp.o)
                0x0001cda8                memcmp
 .text          0x0001cdf4        0x0 C:/Program Files/GNU Tools ARM Embedded/4.8 2014q1/arm-none-eabi/lib/armv6-m\libc.a(lib_a-memcpy-stub.o)
 .text.memcpy   0x0001cdf4       0x84 C:/Program Files/GNU Tools ARM Embedded/4.8 2014q1/arm-none-eabi/lib/armv6-m\libc.a(lib_a-memcpy-stub.o)
                0x0001cdf4                memcpy
 .text          0x0001ce78        0x0 C:/Program Files/GNU Tools ARM Embedded/4.8 2014q1/arm-none-eabi/lib/armv6-m\libc.a(lib_a-memmove.o)
 .text.memmove  0x0001ce78       0xa4 C:/Program Files/GNU Tools ARM Embedded/4.8 2014q1/arm-none-eabi/lib/armv6-m\libc.a(lib_a-memmove.o)
                0x0001ce78                memmove
 .text          0x0001cf1c        0x0 C:/Program Files/GNU Tools ARM Embedded/4.8 2014q1/arm-none-eabi/lib/armv6-m\libc.a(lib_a-memset.o)
 .text.memset   0x0001cf1c       0x9c C:/Program Files/GNU Tools ARM Embedded/4.8 2014q1/arm-none-eabi/lib/armv6-m\libc.a(lib_a-memset.o)
                0x0001cf1c                memset
 .text          0x0001cfb8        0x0 C:/Program Files/GNU Tools ARM Embedded/4.8 2014q1/arm-none-eabi/lib/armv6-m\libc.a(lib_a-strlen.o)
 .text.strlen   0x0001cfb8       0x10 C:/Program Files/GNU Tools ARM Embedded/4.8 2014q1/arm-none-eabi/lib/armv6-m\libc.a(lib_a-strlen.o)
                0x0001cfb8                strlen
 .text          0x0001cfc8        0x0 C:/Program Files/GNU Tools ARM Embedded/4.8 2014q1/arm-none-eabi/lib/armv6-m\libc.a(lib_a-strncpy.o)
 .text.strncpy  0x0001cfc8       0x74 C:/Program Files/GNU Tools ARM Embedded/4.8 2014q1/arm-none-eabi/lib/armv6-m\libc.a(lib_a-strncpy.o)
                0x0001cfc8                strncpy
 .text          0x0001d03c        0x0 C:/Program Files/GNU Tools ARM Embedded/4.8 2014q1/arm-none-eabi/lib/armv6-m\libc.a(lib_a-__call_atexit.o)
 .text.startup.register_fini
                0x0001d03c       0x18 C:/Program Files/GNU Tools ARM Embedded/4.8 2014q1/arm-none-eabi/lib/armv6-m\libc.a(lib_a-__call_atexit.o)
 .text.__call_exitprocs
                0x0001d054      0x118 C:/Program Files/GNU Tools ARM Embedded/4.8 2014q1/arm-none-eabi/lib/armv6-m\libc.a(lib_a-__call_atexit.o)
                0x0001d054                __call_exitprocs
 .text          0x0001d16c        0x0 C:/Program Files/GNU Tools ARM Embedded/4.8 2014q1/arm-none-eabi/lib/armv6-m\libc.a(lib_a-atexit.o)
 .text.atexit   0x0001d16c       0x10 C:/Program Files/GNU Tools ARM Embedded/4.8 2014q1/arm-none-eabi/lib/armv6-m\libc.a(lib_a-atexit.o)
                0x0001d16c                atexit
 .text          0x0001d17c        0x0 C:/Program Files/GNU Tools ARM Embedded/4.8 2014q1/arm-none-eabi/lib/armv6-m\libc.a(lib_a-fini.o)
 .text.__libc_fini_array
                0x0001d17c       0x30 C:/Program Files/GNU Tools ARM Embedded/4.8 2014q1/arm-none-eabi/lib/armv6-m\libc.a(lib_a-fini.o)
                0x0001d17c                __libc_fini_array
 .text          0x0001d1ac        0x0 C:/Program Files/GNU Tools ARM Embedded/4.8 2014q1/arm-none-eabi/lib/armv6-m\libc.a(lib_a-__atexit.o)
 .text.__register_exitproc
                0x0001d1ac       0xc0 C:/Program Files/GNU Tools ARM Embedded/4.8 2014q1/arm-none-eabi/lib/armv6-m\libc.a(lib_a-__atexit.o)
                0x0001d1ac                __register_exitproc
 .text          0x0001d26c        0x0 c:/program files/gnu tools arm embedded/4.8 2014q1/bin/../lib/gcc/arm-none-eabi/4.8.3/armv6-m/crtend.o
 .text          0x0001d26c        0x0 c:/program files/gnu tools arm embedded/4.8 2014q1/bin/../lib/gcc/arm-none-eabi/4.8.3/armv6-m/crtn.o
 .text          0x0001d26c        0x0 C:/Program Files/GNU Tools ARM Embedded/4.8 2014q1/arm-none-eabi/lib/armv6-m\libnosys.a(_exit.o)
 .text._exit    0x0001d26c        0x4 C:/Program Files/GNU Tools ARM Embedded/4.8 2014q1/arm-none-eabi/lib/armv6-m\libnosys.a(_exit.o)
                0x0001d26c                _exit
 *(.init)
 .init          0x0001d270        0x4 c:/program files/gnu tools arm embedded/4.8 2014q1/bin/../lib/gcc/arm-none-eabi/4.8.3/armv6-m/crti.o
                0x0001d270                _init
 .init          0x0001d274        0x8 c:/program files/gnu tools arm embedded/4.8 2014q1/bin/../lib/gcc/arm-none-eabi/4.8.3/armv6-m/crtn.o
 *(.fini)
 .fini          0x0001d27c        0x4 c:/program files/gnu tools arm embedded/4.8 2014q1/bin/../lib/gcc/arm-none-eabi/4.8.3/armv6-m/crti.o
                0x0001d27c                _fini
 .fini          0x0001d280        0x8 c:/program files/gnu tools arm embedded/4.8 2014q1/bin/../lib/gcc/arm-none-eabi/4.8.3/armv6-m/crtn.o
 *crtbegin.o(.ctors)
 *crtbegin?.o(.ctors)
 *(EXCLUDE_FILE(*crtend.o *crtend?.o) .ctors)
 *(SORT(.ctors.*))
 *(.ctors)
 *crtbegin.o(.dtors)
 *crtbegin?.o(.dtors)
 *(EXCLUDE_FILE(*crtend.o *crtend?.o) .dtors)
 *(SORT(.dtors.*))
 *(.dtors)
 *(.rodata*)
 .rodata        0x0001d288       0x38 _build/main.o
 .rodata        0x0001d2c0       0x34 _build/ble_dis.o
 .rodata        0x0001d2f4       0x3c _build/ble_srv_common.o
 .rodata        0x0001d330       0x38 _build/softdevice_handler.o
 .rodata        0x0001d368      0x10c _build/ble_bondmngr.o
 .rodata        0x0001d474       0x1c _build/pstorage.o
 .rodata        0x0001d490       0x30 _build/app_timer.o
 .rodata.str1.4
                0x0001d4c0        0x4 C:/Program Files/GNU Tools ARM Embedded/4.8 2014q1/arm-none-eabi/lib/armv6-m\libc.a(lib_a-impure.o)
 .rodata._global_impure_ptr
                0x0001d4c4        0x4 C:/Program Files/GNU Tools ARM Embedded/4.8 2014q1/arm-none-eabi/lib/armv6-m\libc.a(lib_a-impure.o)
                0x0001d4c4                _global_impure_ptr
 *(.eh_frame*)
 .eh_frame      0x0001d4c8        0x0 c:/program files/gnu tools arm embedded/4.8 2014q1/bin/../lib/gcc/arm-none-eabi/4.8.3/armv6-m/crtbegin.o
 .eh_frame      0x0001d4c8        0x4 c:/program files/gnu tools arm embedded/4.8 2014q1/bin/../lib/gcc/arm-none-eabi/4.8.3/armv6-m/crtend.o

.glue_7         0x0001d4cc        0x0
 .glue_7        0x00000000        0x0 linker stubs

.glue_7t        0x0001d4cc        0x0
 .glue_7t       0x00000000        0x0 linker stubs

.vfp11_veneer   0x0001d4cc        0x0
 .vfp11_veneer  0x00000000        0x0 linker stubs

.v4_bx          0x0001d4cc        0x0
 .v4_bx         0x00000000        0x0 linker stubs

.iplt           0x0001d4cc        0x0
 .iplt          0x00000000        0x0 c:/program files/gnu tools arm embedded/4.8 2014q1/bin/../lib/gcc/arm-none-eabi/4.8.3/armv6-m/crtbegin.o

.ARM.extab      0x0001d4cc        0x0
 *(.ARM.extab* .gnu.linkonce.armextab.*)
 .ARM.extab     0x0001d4cc        0x0 c:/program files/gnu tools arm embedded/4.8 2014q1/bin/../lib/gcc/arm-none-eabi/4.8.3/../../../../arm-none-eabi/lib/armv6-m/crt0.o
 .ARM.extab     0x0001d4cc        0x0 _build/gcc_startup_nrf51.o
                0x0001d4cc                __exidx_start = .

.ARM.exidx      0x0001d4cc        0x8
 *(.ARM.exidx* .gnu.linkonce.armexidx.*)
 .ARM.exidx     0x0001d4cc        0x8 c:/program files/gnu tools arm embedded/4.8 2014q1/bin/../lib/gcc/arm-none-eabi/4.8.3/../../../../arm-none-eabi/lib/armv6-m/crt0.o
 .ARM.exidx     0x0001d4d4        0x0 _build/gcc_startup_nrf51.o
                                  0x8 (size before relaxing)
                0x0001d4d4                __exidx_end = .
                0x0001d4d4                __etext = .

.rel.dyn        0x0001d4d4        0x0
 .rel.iplt      0x00000000        0x0 c:/program files/gnu tools arm embedded/4.8 2014q1/bin/../lib/gcc/arm-none-eabi/4.8.3/armv6-m/crtbegin.o

.data           0x20002000      0x44c load address 0x0001d4d4
                0x20002000                __data_start__ = .
 *(vtable)
 *(.data*)
 .data          0x20002000        0x0 c:/program files/gnu tools arm embedded/4.8 2014q1/bin/../lib/gcc/arm-none-eabi/4.8.3/armv6-m/crti.o
 .data          0x20002000        0x4 c:/program files/gnu tools arm embedded/4.8 2014q1/bin/../lib/gcc/arm-none-eabi/4.8.3/armv6-m/crtbegin.o
                0x20002000                __dso_handle
 .data          0x20002004        0x0 c:/program files/gnu tools arm embedded/4.8 2014q1/bin/../lib/gcc/arm-none-eabi/4.8.3/../../../../arm-none-eabi/lib/armv6-m/crt0.o
 .data          0x20002004        0x4 _build/main.o
 .data          0x20002008        0x0 _build/ble_bas.o
 .data          0x20002008        0x0 _build/ble_dis.o
 .data          0x20002008        0x0 _build/ble_hrs.o
 .data          0x20002008        0x0 _build/ble_srv_common.o
 .data          0x20002008        0x0 _build/ble_error_log.o
 .data          0x20002008        0x0 _build/ble_advdata.o
 .data          0x20002008        0x0 _build/ble_sensorsim.o
 .data          0x20002008        0x0 _build/softdevice_handler.o
 .data          0x20002008        0x0 _build/ble_conn_params.o
 .data          0x20002008        0x0 _build/ble_bondmngr.o
 .data          0x20002008        0x0 _build/pstorage.o
 .data          0x20002008        0x0 _build/crc16.o
 .data          0x20002008        0x0 _build/ble_radio_notification.o
 .data          0x20002008        0x0 _build/ble_debug_assert_handler.o
 .data          0x20002008        0x0 _build/app_timer.o
 .data          0x20002008        0x4 _build/system_nrf51.o
                0x20002008                SystemCoreClock
 .data          0x2000200c        0x0 _build/gcc_startup_nrf51.o
 .data          0x2000200c        0x0 C:/Program Files/GNU Tools ARM Embedded/4.8 2014q1/lib/gcc/arm-none-eabi/4.8.3/armv6-m\libgcc.a(_udivsi3.o)
 .data          0x2000200c        0x0 C:/Program Files/GNU Tools ARM Embedded/4.8 2014q1/lib/gcc/arm-none-eabi/4.8.3/armv6-m\libgcc.a(_dvmd_tls.o)
 .data          0x2000200c        0x0 C:/Program Files/GNU Tools ARM Embedded/4.8 2014q1/arm-none-eabi/lib/armv6-m\libc.a(lib_a-exit.o)
 .data          0x2000200c        0x0 C:/Program Files/GNU Tools ARM Embedded/4.8 2014q1/arm-none-eabi/lib/armv6-m\libc.a(lib_a-impure.o)
 *fill*         0x2000200c        0x4 
 .data.impure_data
                0x20002010      0x428 C:/Program Files/GNU Tools ARM Embedded/4.8 2014q1/arm-none-eabi/lib/armv6-m\libc.a(lib_a-impure.o)
 .data._impure_ptr
                0x20002438        0x4 C:/Program Files/GNU Tools ARM Embedded/4.8 2014q1/arm-none-eabi/lib/armv6-m\libc.a(lib_a-impure.o)
                0x20002438                _impure_ptr
 .data          0x2000243c        0x0 C:/Program Files/GNU Tools ARM Embedded/4.8 2014q1/arm-none-eabi/lib/armv6-m\libc.a(lib_a-init.o)
 .data          0x2000243c        0x0 C:/Program Files/GNU Tools ARM Embedded/4.8 2014q1/arm-none-eabi/lib/armv6-m\libc.a(lib_a-memcmp.o)
 .data          0x2000243c        0x0 C:/Program Files/GNU Tools ARM Embedded/4.8 2014q1/arm-none-eabi/lib/armv6-m\libc.a(lib_a-memcpy-stub.o)
 .data          0x2000243c        0x0 C:/Program Files/GNU Tools ARM Embedded/4.8 2014q1/arm-none-eabi/lib/armv6-m\libc.a(lib_a-memmove.o)
 .data          0x2000243c        0x0 C:/Program Files/GNU Tools ARM Embedded/4.8 2014q1/arm-none-eabi/lib/armv6-m\libc.a(lib_a-memset.o)
 .data          0x2000243c        0x0 C:/Program Files/GNU Tools ARM Embedded/4.8 2014q1/arm-none-eabi/lib/armv6-m\libc.a(lib_a-strlen.o)
 .data          0x2000243c        0x0 C:/Program Files/GNU Tools ARM Embedded/4.8 2014q1/arm-none-eabi/lib/armv6-m\libc.a(lib_a-strncpy.o)
 .data          0x2000243c        0x0 C:/Program Files/GNU Tools ARM Embedded/4.8 2014q1/arm-none-eabi/lib/armv6-m\libc.a(lib_a-__call_atexit.o)
 .data          0x2000243c        0x0 C:/Program Files/GNU Tools ARM Embedded/4.8 2014q1/arm-none-eabi/lib/armv6-m\libc.a(lib_a-atexit.o)
 .data          0x2000243c        0x0 C:/Program Files/GNU Tools ARM Embedded/4.8 2014q1/arm-none-eabi/lib/armv6-m\libc.a(lib_a-fini.o)
 .data          0x2000243c        0x0 C:/Program Files/GNU Tools ARM Embedded/4.8 2014q1/arm-none-eabi/lib/armv6-m\libc.a(lib_a-__atexit.o)
 .data          0x2000243c        0x0 c:/program files/gnu tools arm embedded/4.8 2014q1/bin/../lib/gcc/arm-none-eabi/4.8.3/armv6-m/crtend.o
 .data          0x2000243c        0x0 c:/program files/gnu tools arm embedded/4.8 2014q1/bin/../lib/gcc/arm-none-eabi/4.8.3/armv6-m/crtn.o
 .data          0x2000243c        0x0 C:/Program Files/GNU Tools ARM Embedded/4.8 2014q1/arm-none-eabi/lib/armv6-m\libnosys.a(_exit.o)
                0x2000243c                . = ALIGN (0x4)
                0x2000243c                PROVIDE (__preinit_array_start, .)
 *(.preinit_array)
                0x2000243c                PROVIDE (__preinit_array_end, .)
                0x2000243c                . = ALIGN (0x4)
                0x2000243c                PROVIDE (__init_array_start, .)
 *(SORT(.init_array.*))
 .init_array.00000
                0x2000243c        0x4 C:/Program Files/GNU Tools ARM Embedded/4.8 2014q1/arm-none-eabi/lib/armv6-m\libc.a(lib_a-__call_atexit.o)
 *(.init_array)
 .init_array    0x20002440        0x4 c:/program files/gnu tools arm embedded/4.8 2014q1/bin/../lib/gcc/arm-none-eabi/4.8.3/armv6-m/crtbegin.o
                0x20002444                PROVIDE (__init_array_end, .)
                0x20002444                . = ALIGN (0x4)
                0x20002444                PROVIDE (__fini_array_start, .)
 *(SORT(.fini_array.*))
 *(.fini_array)
 .fini_array    0x20002444        0x4 c:/program files/gnu tools arm embedded/4.8 2014q1/bin/../lib/gcc/arm-none-eabi/4.8.3/armv6-m/crtbegin.o
                0x20002448                PROVIDE (__fini_array_end, .)
 *(.jcr)
 .jcr           0x20002448        0x0 c:/program files/gnu tools arm embedded/4.8 2014q1/bin/../lib/gcc/arm-none-eabi/4.8.3/armv6-m/crtbegin.o
 .jcr           0x20002448        0x4 c:/program files/gnu tools arm embedded/4.8 2014q1/bin/../lib/gcc/arm-none-eabi/4.8.3/armv6-m/crtend.o
                0x2000244c                . = ALIGN (0x4)
                0x2000244c                __data_end__ = .

.igot.plt       0x2000244c        0x0 load address 0x0001d920
 .igot.plt      0x00000000        0x0 c:/program files/gnu tools arm embedded/4.8 2014q1/bin/../lib/gcc/arm-none-eabi/4.8.3/armv6-m/crtbegin.o

.bss            0x2000244c      0xd98 load address 0x0001d920
                0x2000244c                . = ALIGN (0x4)
                0x2000244c                __bss_start__ = .
 *(.bss*)
 .bss           0x2000244c        0x0 c:/program files/gnu tools arm embedded/4.8 2014q1/bin/../lib/gcc/arm-none-eabi/4.8.3/armv6-m/crti.o
 .bss           0x2000244c       0x1c c:/program files/gnu tools arm embedded/4.8 2014q1/bin/../lib/gcc/arm-none-eabi/4.8.3/armv6-m/crtbegin.o
 .bss           0x20002468        0x0 c:/program files/gnu tools arm embedded/4.8 2014q1/bin/../lib/gcc/arm-none-eabi/4.8.3/../../../../arm-none-eabi/lib/armv6-m/crt0.o
 .bss           0x20002468      0x3c4 _build/main.o
 .bss           0x2000282c        0x0 _build/ble_bas.o
 .bss           0x2000282c       0x4c _build/ble_dis.o
 .bss           0x20002878        0x0 _build/ble_hrs.o
 .bss           0x20002878        0x0 _build/ble_srv_common.o
 .bss           0x20002878      0x188 _build/ble_error_log.o
 .bss           0x20002a00        0x0 _build/ble_advdata.o
 .bss           0x20002a00        0x0 _build/ble_sensorsim.o
 .bss           0x20002a00       0x14 _build/softdevice_handler.o
 .bss           0x20002a14       0x38 _build/ble_conn_params.o
 .bss           0x20002a4c      0x458 _build/ble_bondmngr.o
 .bss           0x20002ea4      0x288 _build/pstorage.o
 .bss           0x2000312c        0x0 _build/crc16.o
 .bss           0x2000312c        0x8 _build/ble_radio_notification.o
 .bss           0x20003134       0x88 _build/ble_debug_assert_handler.o
 .bss           0x200031bc       0x28 _build/app_timer.o
 .bss           0x200031e4        0x0 _build/system_nrf51.o
 .bss           0x200031e4        0x0 _build/gcc_startup_nrf51.o
 .bss           0x200031e4        0x0 C:/Program Files/GNU Tools ARM Embedded/4.8 2014q1/lib/gcc/arm-none-eabi/4.8.3/armv6-m\libgcc.a(_udivsi3.o)
 .bss           0x200031e4        0x0 C:/Program Files/GNU Tools ARM Embedded/4.8 2014q1/lib/gcc/arm-none-eabi/4.8.3/armv6-m\libgcc.a(_dvmd_tls.o)
 .bss           0x200031e4        0x0 C:/Program Files/GNU Tools ARM Embedded/4.8 2014q1/arm-none-eabi/lib/armv6-m\libc.a(lib_a-exit.o)
 .bss           0x200031e4        0x0 C:/Program Files/GNU Tools ARM Embedded/4.8 2014q1/arm-none-eabi/lib/armv6-m\libc.a(lib_a-impure.o)
 .bss           0x200031e4        0x0 C:/Program Files/GNU Tools ARM Embedded/4.8 2014q1/arm-none-eabi/lib/armv6-m\libc.a(lib_a-init.o)
 .bss           0x200031e4        0x0 C:/Program Files/GNU Tools ARM Embedded/4.8 2014q1/arm-none-eabi/lib/armv6-m\libc.a(lib_a-memcmp.o)
 .bss           0x200031e4        0x0 C:/Program Files/GNU Tools ARM Embedded/4.8 2014q1/arm-none-eabi/lib/armv6-m\libc.a(lib_a-memcpy-stub.o)
 .bss           0x200031e4        0x0 C:/Program Files/GNU Tools ARM Embedded/4.8 2014q1/arm-none-eabi/lib/armv6-m\libc.a(lib_a-memmove.o)
 .bss           0x200031e4        0x0 C:/Program Files/GNU Tools ARM Embedded/4.8 2014q1/arm-none-eabi/lib/armv6-m\libc.a(lib_a-memset.o)
 .bss           0x200031e4        0x0 C:/Program Files/GNU Tools ARM Embedded/4.8 2014q1/arm-none-eabi/lib/armv6-m\libc.a(lib_a-strlen.o)
 .bss           0x200031e4        0x0 C:/Program Files/GNU Tools ARM Embedded/4.8 2014q1/arm-none-eabi/lib/armv6-m\libc.a(lib_a-strncpy.o)
 .bss           0x200031e4        0x0 C:/Program Files/GNU Tools ARM Embedded/4.8 2014q1/arm-none-eabi/lib/armv6-m\libc.a(lib_a-__call_atexit.o)
 .bss           0x200031e4        0x0 C:/Program Files/GNU Tools ARM Embedded/4.8 2014q1/arm-none-eabi/lib/armv6-m\libc.a(lib_a-atexit.o)
 .bss           0x200031e4        0x0 C:/Program Files/GNU Tools ARM Embedded/4.8 2014q1/arm-none-eabi/lib/armv6-m\libc.a(lib_a-fini.o)
 .bss           0x200031e4        0x0 C:/Program Files/GNU Tools ARM Embedded/4.8 2014q1/arm-none-eabi/lib/armv6-m\libc.a(lib_a-__atexit.o)
 .bss           0x200031e4        0x0 c:/program files/gnu tools arm embedded/4.8 2014q1/bin/../lib/gcc/arm-none-eabi/4.8.3/armv6-m/crtend.o
 .bss           0x200031e4        0x0 c:/program files/gnu tools arm embedded/4.8 2014q1/bin/../lib/gcc/arm-none-eabi/4.8.3/armv6-m/crtn.o
 .bss           0x200031e4        0x0 C:/Program Files/GNU Tools ARM Embedded/4.8 2014q1/arm-none-eabi/lib/armv6-m\libnosys.a(_exit.o)
 *(COMMON)
                0x200031e4                . = ALIGN (0x4)
                0x200031e4                __bss_end__ = .

.heap           0x200031e8        0x0
                0x200031e8                __end__ = .
                0x200031e8                end = __end__
 *(.heap*)
 .heap          0x200031e8        0x0 _build/gcc_startup_nrf51.o
                0x200031e8                __HeapLimit = .

.stack_dummy    0x200031e8      0x800
 *(.stack*)
 .stack         0x200031e8      0x800 _build/gcc_startup_nrf51.o
                0x20004000                __StackTop = (ORIGIN (RAM) + 0x2000)
                0x20003800                __StackLimit = (__StackTop - SIZEOF (.stack_dummy))
                0x20004000                PROVIDE (__stack, __StackTop)
                0x00000001                ASSERT ((__StackLimit >= __HeapLimit), region RAM overflowed with stack)
OUTPUT(_build/ble_hrs_gcc_s110_xxaa.out elf32-littlearm)

.ARM.attributes
                0x00000000       0x28
 .ARM.attributes
                0x00000000       0x1e c:/program files/gnu tools arm embedded/4.8 2014q1/bin/../lib/gcc/arm-none-eabi/4.8.3/armv6-m/crti.o
 .ARM.attributes
                0x0000001e       0x2c c:/program files/gnu tools arm embedded/4.8 2014q1/bin/../lib/gcc/arm-none-eabi/4.8.3/armv6-m/crtbegin.o
 .ARM.attributes
                0x0000004a       0x1b c:/program files/gnu tools arm embedded/4.8 2014q1/bin/../lib/gcc/arm-none-eabi/4.8.3/../../../../arm-none-eabi/lib/armv6-m/crt0.o
 .ARM.attributes
                0x00000065       0x31 _build/main.o
 .ARM.attributes
                0x00000096       0x31 _build/ble_bas.o
 .ARM.attributes
                0x000000c7       0x31 _build/ble_dis.o
 .ARM.attributes
                0x000000f8       0x31 _build/ble_hrs.o
 .ARM.attributes
                0x00000129       0x31 _build/ble_srv_common.o
 .ARM.attributes
                0x0000015a       0x31 _build/ble_error_log.o
 .ARM.attributes
                0x0000018b       0x31 _build/ble_advdata.o
 .ARM.attributes
                0x000001bc       0x31 _build/ble_sensorsim.o
 .ARM.attributes
                0x000001ed       0x31 _build/softdevice_handler.o
 .ARM.attributes
                0x0000021e       0x31 _build/ble_conn_params.o
 .ARM.attributes
                0x0000024f       0x31 _build/ble_bondmngr.o
 .ARM.attributes
                0x00000280       0x31 _build/pstorage.o
 .ARM.attributes
                0x000002b1       0x31 _build/crc16.o
 .ARM.attributes
                0x000002e2       0x31 _build/ble_radio_notification.o
 .ARM.attributes
                0x00000313       0x31 _build/ble_debug_assert_handler.o
 .ARM.attributes
                0x00000344       0x31 _build/app_timer.o
 .ARM.attributes
                0x00000375       0x31 _build/system_nrf51.o
 .ARM.attributes
                0x000003a6       0x1b _build/gcc_startup_nrf51.o
 .ARM.attributes
                0x000003c1       0x1e C:/Program Files/GNU Tools ARM Embedded/4.8 2014q1/lib/gcc/arm-none-eabi/4.8.3/armv6-m\libgcc.a(_udivsi3.o)
 .ARM.attributes
                0x000003df       0x1e C:/Program Files/GNU Tools ARM Embedded/4.8 2014q1/lib/gcc/arm-none-eabi/4.8.3/armv6-m\libgcc.a(_dvmd_tls.o)
 .ARM.attributes
                0x000003fd       0x2c C:/Program Files/GNU Tools ARM Embedded/4.8 2014q1/arm-none-eabi/lib/armv6-m\libc.a(lib_a-exit.o)
 .ARM.attributes
                0x00000429       0x2c C:/Program Files/GNU Tools ARM Embedded/4.8 2014q1/arm-none-eabi/lib/armv6-m\libc.a(lib_a-impure.o)
 .ARM.attributes
                0x00000455       0x2c C:/Program Files/GNU Tools ARM Embedded/4.8 2014q1/arm-none-eabi/lib/armv6-m\libc.a(lib_a-init.o)
 .ARM.attributes
                0x00000481       0x2c C:/Program Files/GNU Tools ARM Embedded/4.8 2014q1/arm-none-eabi/lib/armv6-m\libc.a(lib_a-memcmp.o)
 .ARM.attributes
                0x000004ad       0x2c C:/Program Files/GNU Tools ARM Embedded/4.8 2014q1/arm-none-eabi/lib/armv6-m\libc.a(lib_a-memcpy-stub.o)
 .ARM.attributes
                0x000004d9       0x2c C:/Program Files/GNU Tools ARM Embedded/4.8 2014q1/arm-none-eabi/lib/armv6-m\libc.a(lib_a-memmove.o)
 .ARM.attributes
                0x00000505       0x2c C:/Program Files/GNU Tools ARM Embedded/4.8 2014q1/arm-none-eabi/lib/armv6-m\libc.a(lib_a-memset.o)
 .ARM.attributes
                0x00000531       0x2c C:/Program Files/GNU Tools ARM Embedded/4.8 2014q1/arm-none-eabi/lib/armv6-m\libc.a(lib_a-strlen.o)
 .ARM.attributes
                0x0000055d       0x2c C:/Program Files/GNU Tools ARM Embedded/4.8 2014q1/arm-none-eabi/lib/armv6-m\libc.a(lib_a-strncpy.o)
 .ARM.attributes
                0x00000589       0x2c C:/Program Files/GNU Tools ARM Embedded/4.8 2014q1/arm-none-eabi/lib/armv6-m\libc.a(lib_a-__call_atexit.o)
 .ARM.attributes
                0x000005b5       0x2c C:/Program Files/GNU Tools ARM Embedded/4.8 2014q1/arm-none-eabi/lib/armv6-m\libc.a(lib_a-atexit.o)
 .ARM.attributes
                0x000005e1       0x2c C:/Program Files/GNU Tools ARM Embedded/4.8 2014q1/arm-none-eabi/lib/armv6-m\libc.a(lib_a-fini.o)
 .ARM.attributes
                0x0000060d       0x2c C:/Program Files/GNU Tools ARM Embedded/4.8 2014q1/arm-none-eabi/lib/armv6-m\libc.a(lib_a-__atexit.o)
 .ARM.attributes
                0x00000639       0x2c c:/program files/gnu tools arm embedded/4.8 2014q1/bin/../lib/gcc/arm-none-eabi/4.8.3/armv6-m/crtend.o
 .ARM.attributes
                0x00000665       0x1e c:/program files/gnu tools arm embedded/4.8 2014q1/bin/../lib/gcc/arm-none-eabi/4.8.3/armv6-m/crtn.o
 .ARM.attributes
                0x00000683       0x2c C:/Program Files/GNU Tools ARM Embedded/4.8 2014q1/arm-none-eabi/lib/armv6-m\libnosys.a(_exit.o)

.comment        0x00000000       0x70
 .comment       0x00000000       0x70 _build/main.o
                                 0x71 (size before relaxing)
 .comment       0x00000000       0x71 _build/ble_bas.o
 .comment       0x00000000       0x71 _build/ble_dis.o
 .comment       0x00000000       0x71 _build/ble_hrs.o
 .comment       0x00000000       0x71 _build/ble_srv_common.o
 .comment       0x00000000       0x71 _build/ble_error_log.o
 .comment       0x00000000       0x71 _build/ble_advdata.o
 .comment       0x00000000       0x71 _build/ble_sensorsim.o
 .comment       0x00000000       0x71 _build/softdevice_handler.o
 .comment       0x00000000       0x71 _build/ble_conn_params.o
 .comment       0x00000000       0x71 _build/ble_bondmngr.o
 .comment       0x00000000       0x71 _build/pstorage.o
 .comment       0x00000000       0x71 _build/crc16.o
 .comment       0x00000000       0x71 _build/ble_radio_notification.o
 .comment       0x00000000       0x71 _build/ble_debug_assert_handler.o
 .comment       0x00000000       0x71 _build/app_timer.o
 .comment       0x00000000       0x71 _build/system_nrf51.o

.debug_info     0x00000000    0x1ae0e
 .debug_info    0x00000000     0x4574 _build/main.o
 .debug_info    0x00004574     0x2867 _build/ble_bas.o
 .debug_info    0x00006ddb     0x16c7 _build/ble_dis.o
 .debug_info    0x000084a2     0x2adb _build/ble_hrs.o
 .debug_info    0x0000af7d      0xa36 _build/ble_srv_common.o
 .debug_info    0x0000b9b3      0x21c _build/ble_error_log.o
 .debug_info    0x0000bbcf     0x1ecd _build/ble_advdata.o
 .debug_info    0x0000da9c      0x172 _build/ble_sensorsim.o
 .debug_info    0x0000dc0e     0x31e8 _build/softdevice_handler.o
 .debug_info    0x00010df6     0x2857 _build/ble_conn_params.o
 .debug_info    0x0001364d     0x31b9 _build/ble_bondmngr.o
 .debug_info    0x00016806     0x172b _build/pstorage.o
 .debug_info    0x00017f31      0x134 _build/crc16.o
 .debug_info    0x00018065      0xc8c _build/ble_radio_notification.o
 .debug_info    0x00018cf1      0x175 _build/ble_debug_assert_handler.o
 .debug_info    0x00018e66     0x1d23 _build/app_timer.o
 .debug_info    0x0001ab89      0x1e7 _build/system_nrf51.o
 .debug_info    0x0001ad70       0x9e _build/gcc_startup_nrf51.o

.debug_abbrev   0x00000000     0x2574
 .debug_abbrev  0x00000000      0x3b4 _build/main.o
 .debug_abbrev  0x000003b4      0x315 _build/ble_bas.o
 .debug_abbrev  0x000006c9      0x247 _build/ble_dis.o
 .debug_abbrev  0x00000910      0x37f _build/ble_hrs.o
 .debug_abbrev  0x00000c8f      0x1ae _build/ble_srv_common.o
 .debug_abbrev  0x00000e3d      0x104 _build/ble_error_log.o
 .debug_abbrev  0x00000f41      0x261 _build/ble_advdata.o
 .debug_abbrev  0x000011a2       0xb8 _build/ble_sensorsim.o
 .debug_abbrev  0x0000125a      0x306 _build/softdevice_handler.o
 .debug_abbrev  0x00001560      0x33d _build/ble_conn_params.o
 .debug_abbrev  0x0000189d      0x338 _build/ble_bondmngr.o
 .debug_abbrev  0x00001bd5      0x289 _build/pstorage.o
 .debug_abbrev  0x00001e5e       0x84 _build/crc16.o
 .debug_abbrev  0x00001ee2      0x175 _build/ble_radio_notification.o
 .debug_abbrev  0x00002057       0xb9 _build/ble_debug_assert_handler.o
 .debug_abbrev  0x00002110      0x35c _build/app_timer.o
 .debug_abbrev  0x0000246c       0xf4 _build/system_nrf51.o
 .debug_abbrev  0x00002560       0x14 _build/gcc_startup_nrf51.o

.debug_aranges  0x00000000      0x240
 .debug_aranges
                0x00000000       0x20 _build/main.o
 .debug_aranges
                0x00000020       0x20 _build/ble_bas.o
 .debug_aranges
                0x00000040       0x20 _build/ble_dis.o
 .debug_aranges
                0x00000060       0x20 _build/ble_hrs.o
 .debug_aranges
                0x00000080       0x20 _build/ble_srv_common.o
 .debug_aranges
                0x000000a0       0x20 _build/ble_error_log.o
 .debug_aranges
                0x000000c0       0x20 _build/ble_advdata.o
 .debug_aranges
                0x000000e0       0x20 _build/ble_sensorsim.o
 .debug_aranges
                0x00000100       0x20 _build/softdevice_handler.o
 .debug_aranges
                0x00000120       0x20 _build/ble_conn_params.o
 .debug_aranges
                0x00000140       0x20 _build/ble_bondmngr.o
 .debug_aranges
                0x00000160       0x20 _build/pstorage.o
 .debug_aranges
                0x00000180       0x20 _build/crc16.o
 .debug_aranges
                0x000001a0       0x20 _build/ble_radio_notification.o
 .debug_aranges
                0x000001c0       0x20 _build/ble_debug_assert_handler.o
 .debug_aranges
                0x000001e0       0x20 _build/app_timer.o
 .debug_aranges
                0x00000200       0x20 _build/system_nrf51.o
 .debug_aranges
                0x00000220       0x20 _build/gcc_startup_nrf51.o

.debug_macro    0x00000000     0xd4ce
 .debug_macro   0x00000000      0x4b9 _build/main.o
 .debug_macro   0x000004b9      0x838 _build/main.o
 .debug_macro   0x00000cf1       0x16 _build/main.o
 .debug_macro   0x00000d07       0x44 _build/main.o
 .debug_macro   0x00000d4b      0x209 _build/main.o
 .debug_macro   0x00000f54       0x58 _build/main.o
 .debug_macro   0x00000fac       0x35 _build/main.o
 .debug_macro   0x00000fe1       0xa3 _build/main.o
 .debug_macro   0x00001084      0x166 _build/main.o
 .debug_macro   0x000011ea       0x52 _build/main.o
 .debug_macro   0x0000123c       0x16 _build/main.o
 .debug_macro   0x00001252       0x43 _build/main.o
 .debug_macro   0x00001295      0x180 _build/main.o
 .debug_macro   0x00001415      0x2a6 _build/main.o
 .debug_macro   0x000016bb       0x10 _build/main.o
 .debug_macro   0x000016cb       0x35 _build/main.o
 .debug_macro   0x00001700       0x1f _build/main.o
 .debug_macro   0x0000171f       0xf4 _build/main.o
 .debug_macro   0x00001813       0x22 _build/main.o
 .debug_macro   0x00001835       0x3a _build/main.o
 .debug_macro   0x0000186f       0x1f _build/main.o
 .debug_macro   0x0000188e      0x242 _build/main.o
 .debug_macro   0x00001ad0      0x1d2 _build/main.o
 .debug_macro   0x00001ca2     0x74a3 _build/main.o
 .debug_macro   0x00009145      0x963 _build/main.o
 .debug_macro   0x00009aa8       0x10 _build/main.o
 .debug_macro   0x00009ab8       0x22 _build/main.o
 .debug_macro   0x00009ada       0x8e _build/main.o
 .debug_macro   0x00009b68       0x16 _build/main.o
 .debug_macro   0x00009b7e       0x94 _build/main.o
 .debug_macro   0x00009c12      0x1aa _build/main.o
 .debug_macro   0x00009dbc       0x10 _build/main.o
 .debug_macro   0x00009dcc      0x2b1 _build/main.o
 .debug_macro   0x0000a07d       0x2e _build/main.o
 .debug_macro   0x0000a0ab       0x22 _build/main.o
 .debug_macro   0x0000a0cd      0x1d5 _build/main.o
 .debug_macro   0x0000a2a2       0x16 _build/main.o
 .debug_macro   0x0000a2b8       0xb8 _build/main.o
 .debug_macro   0x0000a370       0x1c _build/main.o
 .debug_macro   0x0000a38c       0xa6 _build/main.o
 .debug_macro   0x0000a432       0x44 _build/main.o
 .debug_macro   0x0000a476      0x245 _build/main.o
 .debug_macro   0x0000a6bb       0x3a _build/main.o
 .debug_macro   0x0000a6f5       0x16 _build/main.o
 .debug_macro   0x0000a70b       0xbe _build/main.o
 .debug_macro   0x0000a7c9       0x16 _build/main.o
 .debug_macro   0x0000a7df       0x16 _build/main.o
 .debug_macro   0x0000a7f5       0x29 _build/main.o
 .debug_macro   0x0000a81e       0x46 _build/main.o
 .debug_macro   0x0000a864       0x3a _build/main.o
 .debug_macro   0x0000a89e       0x1c _build/main.o
 .debug_macro   0x0000a8ba       0x1c _build/main.o
 .debug_macro   0x0000a8d6       0x16 _build/main.o
 .debug_macro   0x0000a8ec       0x10 _build/main.o
 .debug_macro   0x0000a8fc       0x16 _build/main.o
 .debug_macro   0x0000a912       0x1c _build/main.o
 .debug_macro   0x0000a92e       0x10 _build/main.o
 .debug_macro   0x0000a93e       0x10 _build/main.o
 .debug_macro   0x0000a94e       0x22 _build/main.o
 .debug_macro   0x0000a970       0xbd _build/main.o
 .debug_macro   0x0000aa2d       0x16 _build/main.o
 .debug_macro   0x0000aa43      0x16c _build/main.o
 .debug_macro   0x0000abaf       0x41 _build/main.o
 .debug_macro   0x0000abf0       0x22 _build/main.o
 .debug_macro   0x0000ac12       0x16 _build/main.o
 .debug_macro   0x0000ac28       0x10 _build/main.o
 .debug_macro   0x0000ac38       0x46 _build/main.o
 .debug_macro   0x0000ac7e       0x22 _build/main.o
 .debug_macro   0x0000aca0      0x210 _build/ble_bas.o
 .debug_macro   0x0000aeb0       0x1c _build/ble_bas.o
 .debug_macro   0x0000aecc      0x241 _build/ble_dis.o
 .debug_macro   0x0000b10d       0x10 _build/ble_dis.o
 .debug_macro   0x0000b11d      0x10e _build/ble_dis.o
 .debug_macro   0x0000b22b       0x7f _build/ble_dis.o
 .debug_macro   0x0000b2aa       0xb2 _build/ble_dis.o
 .debug_macro   0x0000b35c      0x249 _build/ble_hrs.o
 .debug_macro   0x0000b5a5       0x34 _build/ble_hrs.o
 .debug_macro   0x0000b5d9      0x1b5 _build/ble_srv_common.o
 .debug_macro   0x0000b78e      0x1ab _build/ble_error_log.o
 .debug_macro   0x0000b939       0x4a _build/ble_error_log.o
 .debug_macro   0x0000b983      0x20f _build/ble_error_log.o
 .debug_macro   0x0000bb92      0x212 _build/ble_advdata.o
 .debug_macro   0x0000bda4       0x55 _build/ble_sensorsim.o
 .debug_macro   0x0000bdf9      0x259 _build/softdevice_handler.o
 .debug_macro   0x0000c052       0x40 _build/softdevice_handler.o
 .debug_macro   0x0000c092       0x16 _build/softdevice_handler.o
 .debug_macro   0x0000c0a8      0x2b7 _build/softdevice_handler.o
 .debug_macro   0x0000c35f       0x34 _build/softdevice_handler.o
 .debug_macro   0x0000c393       0x10 _build/softdevice_handler.o
 .debug_macro   0x0000c3a3       0x10 _build/softdevice_handler.o
 .debug_macro   0x0000c3b3      0x274 _build/ble_conn_params.o
 .debug_macro   0x0000c627      0x30c _build/ble_bondmngr.o
 .debug_macro   0x0000c933       0x16 _build/ble_bondmngr.o
 .debug_macro   0x0000c949      0x266 _build/pstorage.o
 .debug_macro   0x0000cbaf       0x40 _build/pstorage.o
 .debug_macro   0x0000cbef       0x1c _build/pstorage.o
 .debug_macro   0x0000cc0b      0x114 _build/crc16.o
 .debug_macro   0x0000cd1f       0x16 _build/crc16.o
 .debug_macro   0x0000cd35       0x97 _build/crc16.o
 .debug_macro   0x0000cdcc       0xef _build/crc16.o
 .debug_macro   0x0000cebb      0x17e _build/ble_radio_notification.o
 .debug_macro   0x0000d039      0x163 _build/ble_debug_assert_handler.o
 .debug_macro   0x0000d19c      0x274 _build/app_timer.o
 .debug_macro   0x0000d410       0xbe _build/system_nrf51.o

.debug_line     0x00000000     0x675f
 .debug_line    0x00000000      0xb0c _build/main.o
 .debug_line    0x00000b0c      0x694 _build/ble_bas.o
 .debug_line    0x000011a0      0x603 _build/ble_dis.o
 .debug_line    0x000017a3      0x67e _build/ble_hrs.o
 .debug_line    0x00001e21      0x4db _build/ble_srv_common.o
 .debug_line    0x000022fc      0x46f _build/ble_error_log.o
 .debug_line    0x0000276b      0x703 _build/ble_advdata.o
 .debug_line    0x00002e6e      0x21f _build/ble_sensorsim.o
 .debug_line    0x0000308d      0x6e9 _build/softdevice_handler.o
 .debug_line    0x00003776      0x66d _build/ble_conn_params.o
 .debug_line    0x00003de3      0xa04 _build/ble_bondmngr.o
 .debug_line    0x000047e7      0x984 _build/pstorage.o
 .debug_line    0x0000516b      0x2e1 _build/crc16.o
 .debug_line    0x0000544c      0x44d _build/ble_radio_notification.o
 .debug_line    0x00005899      0x3da _build/ble_debug_assert_handler.o
 .debug_line    0x00005c73      0x788 _build/app_timer.o
 .debug_line    0x000063fb      0x2f7 _build/system_nrf51.o
 .debug_line    0x000066f2       0x6d _build/gcc_startup_nrf51.o

.debug_str      0x00000000    0x3ee63
 .debug_str     0x00000000    0x3be5a _build/main.o
                              0x3c390 (size before relaxing)
 .debug_str     0x0003be5a      0x1ff _build/ble_bas.o
                               0xd8a0 (size before relaxing)
 .debug_str     0x0003c059      0x198 _build/ble_dis.o
                               0xcaa1 (size before relaxing)
 .debug_str     0x0003c1f1      0x316 _build/ble_hrs.o
                               0xdc34 (size before relaxing)
 .debug_str     0x0003c507       0x78 _build/ble_srv_common.o
                               0xba15 (size before relaxing)
 .debug_str     0x0003c57f       0xc5 _build/ble_error_log.o
                              0x2ecc7 (size before relaxing)
 .debug_str     0x0003c644      0x27e _build/ble_advdata.o
                               0xd036 (size before relaxing)
 .debug_str     0x0003c8c2       0x5a _build/ble_sensorsim.o
                               0x2f2e (size before relaxing)
 .debug_str     0x0003c91c      0x207 _build/softdevice_handler.o
                              0x341e1 (size before relaxing)
 .debug_str     0x0003cb23      0x17d _build/ble_conn_params.o
                               0xdf43 (size before relaxing)
 .debug_str     0x0003cca0      0xab8 _build/ble_bondmngr.o
                              0x389b9 (size before relaxing)
 .debug_str     0x0003d758      0xa2b _build/pstorage.o
                              0x33d40 (size before relaxing)
 .debug_str     0x0003e183       0x38 _build/crc16.o
                               0x4f83 (size before relaxing)
 .debug_str     0x0003e1bb      0x187 _build/ble_radio_notification.o
                              0x2e671 (size before relaxing)
 .debug_str     0x0003e342       0x99 _build/ble_debug_assert_handler.o
                               0x70fe (size before relaxing)
 .debug_str     0x0003e3db      0x977 _build/app_timer.o
                              0x337c6 (size before relaxing)
 .debug_str     0x0003ed52      0x111 _build/system_nrf51.o
                              0x2eb6e (size before relaxing)

.debug_frame    0x00000000     0x4694
 .debug_frame   0x00000000      0xaa8 _build/main.o
 .debug_frame   0x00000aa8      0x460 _build/ble_bas.o
 .debug_frame   0x00000f08      0x2e4 _build/ble_dis.o
 .debug_frame   0x000011ec      0x580 _build/ble_hrs.o
 .debug_frame   0x0000176c      0x1a0 _build/ble_srv_common.o
 .debug_frame   0x0000190c       0x6c _build/ble_error_log.o
 .debug_frame   0x00001978      0x520 _build/ble_advdata.o
 .debug_frame   0x00001e98       0x50 _build/ble_sensorsim.o
 .debug_frame   0x00001ee8      0x780 _build/softdevice_handler.o
 .debug_frame   0x00002668      0x4dc _build/ble_conn_params.o
 .debug_frame   0x00002b44      0x73c _build/ble_bondmngr.o
 .debug_frame   0x00003280      0x534 _build/pstorage.o
 .debug_frame   0x000037b4       0x30 _build/crc16.o
 .debug_frame   0x000037e4      0x34c _build/ble_radio_notification.o
 .debug_frame   0x00003b30       0x30 _build/ble_debug_assert_handler.o
 .debug_frame   0x00003b60      0x834 _build/app_timer.o
 .debug_frame   0x00004394       0x80 _build/system_nrf51.o
 .debug_frame   0x00004414       0x20 C:/Program Files/GNU Tools ARM Embedded/4.8 2014q1/lib/gcc/arm-none-eabi/4.8.3/armv6-m\libgcc.a(_udivsi3.o)
 .debug_frame   0x00004434       0x28 C:/Program Files/GNU Tools ARM Embedded/4.8 2014q1/arm-none-eabi/lib/armv6-m\libc.a(lib_a-exit.o)
 .debug_frame   0x0000445c       0x2c C:/Program Files/GNU Tools ARM Embedded/4.8 2014q1/arm-none-eabi/lib/armv6-m\libc.a(lib_a-init.o)
 .debug_frame   0x00004488       0x2c C:/Program Files/GNU Tools ARM Embedded/4.8 2014q1/arm-none-eabi/lib/armv6-m\libc.a(lib_a-memcmp.o)
 .debug_frame   0x000044b4       0x30 C:/Program Files/GNU Tools ARM Embedded/4.8 2014q1/arm-none-eabi/lib/armv6-m\libc.a(lib_a-memcpy-stub.o)
 .debug_frame   0x000044e4       0x30 C:/Program Files/GNU Tools ARM Embedded/4.8 2014q1/arm-none-eabi/lib/armv6-m\libc.a(lib_a-memmove.o)
 .debug_frame   0x00004514       0x30 C:/Program Files/GNU Tools ARM Embedded/4.8 2014q1/arm-none-eabi/lib/armv6-m\libc.a(lib_a-memset.o)
 .debug_frame   0x00004544       0x20 C:/Program Files/GNU Tools ARM Embedded/4.8 2014q1/arm-none-eabi/lib/armv6-m\libc.a(lib_a-strlen.o)
 .debug_frame   0x00004564       0x30 C:/Program Files/GNU Tools ARM Embedded/4.8 2014q1/arm-none-eabi/lib/armv6-m\libc.a(lib_a-strncpy.o)
 .debug_frame   0x00004594       0x54 C:/Program Files/GNU Tools ARM Embedded/4.8 2014q1/arm-none-eabi/lib/armv6-m\libc.a(lib_a-__call_atexit.o)
 .debug_frame   0x000045e8       0x28 C:/Program Files/GNU Tools ARM Embedded/4.8 2014q1/arm-none-eabi/lib/armv6-m\libc.a(lib_a-atexit.o)
 .debug_frame   0x00004610       0x2c C:/Program Files/GNU Tools ARM Embedded/4.8 2014q1/arm-none-eabi/lib/armv6-m\libc.a(lib_a-fini.o)
 .debug_frame   0x0000463c       0x38 C:/Program Files/GNU Tools ARM Embedded/4.8 2014q1/arm-none-eabi/lib/armv6-m\libc.a(lib_a-__atexit.o)
 .debug_frame   0x00004674       0x20 C:/Program Files/GNU Tools ARM Embedded/4.8 2014q1/arm-none-eabi/lib/armv6-m\libnosys.a(_exit.o)

.debug_ranges   0x00000000       0x48
 .debug_ranges  0x00000000       0x18 _build/ble_conn_params.o
 .debug_ranges  0x00000018       0x30 _build/pstorage.o
